[38;2;192;132;252m▌[m › fix the failing auth test
⠋ working[38;2;125;133;144m · press ctrl+c again to quit[m
[38;2;92;99;109m────────────────────────────────────────────────────────────────────────────────[m
› [38;2;92;99;109mask rasp anything…[m                                          [38;2;92;99;109m⇥ newline · ⏎ send[m
[38;2;92;99;109m────────────────────────────────────────────────────────────────────────────────[m
[38;2;125;133;144m…p-demo (main)[m  manual[38;2;125;133;144m · ctx 0 · in 0 · out 0 · cost — · anthropic/claude-opus-5[m