[38;2;192;132;252m▌[m › fix the failing auth test

  [38;2;125;133;144m☑ Read the failing test[m
  [38;2;210;153;34m▸ Fix the header parser[m
  ☐ Add a regression test
[38;2;92;99;109m────────────────────────────────────────────────────────────────────────────────[m
› [38;2;92;99;109mask rasp anything…[m
[38;2;92;99;109m────────────────────────────────────────────────────────────────────────────────[m
[38;2;125;133;144m…p-demo (main)[m  manual[38;2;125;133;144m · ctx 0 · in 0 · out 0 · cost — · anthropic/claude-opus-5[m